// Jest Snapshot v1, https://goo.gl/fbAQLP

exports[`<App /> should render component 1`] = `
<div
  className="App"
  data-testid="app"
>
  <div
    className="card"
  >
    <Header />
    <Form
      setCallCosts={[Function]}
    />
    <CallCosts
      callCosts={
        Object {
          "valid": false,
          "withPlan": 0,
          "withoutPlan": 0,
        }
      }
    />
  </div>
</div>
`;
